<html>
<body>
<pre>
<h1>µVision Build Log</h1>
<h2>Project:</h2>
C:\Users\Max Wang\Documents\319k labs\students\csw2352_mw35322\Lab6\Lab6.uvproj
Project File Date:  03/19/2016

<h2>Output:</h2>
Build target 'Lab6'
compiling Lab6.c...
linking...
Program Size: Code=6204 RO-data=9656 RW-data=80 ZI-data=1816  
".\Lab6.axf" - 0 Error(s), 0 Warning(s).
ms();
Lab6.c: 1 warning, 0 errors
linking...
.\Lab6.axf: Error: L6218E: Undefined symbol Delay10ms (referred from lab6.o).
Not enough information to list image symbols.
Finished: 1 information, 0 warning and 1 error messages.
".\Lab6.axf" - 1 Error(s), 1 Warning(s).
Target not created
